

> @repo/ui@0.0.0 docs /Users/rohithroshan.r/Documents/GitHub/frontend/packages/ui
> storybook dev -p 6006

[1m@storybook/core v8.6.12[22m[0m
[0m
[30;43mWARN[0m[35m[0m The following packages are incompatible with Storybook [1m8.6.12[22m as they depend on different major versions of Storybook packages:
[0m[30;43mWARN[0m[35m[0m - [36mstorybook-addon-next[39m@[36m1.8.0[39m
[0m[30;43mWARN[0m[35m[0m  Repo: [33mhttps://github.com/RyanClementsHax/storybook-addon-next#readme[39m
[0m[30;43mWARN[0m[35m[0m - [36mstorybook-addon-next-router[39m@[36m4.0.2[39m
[0m[30;43mWARN[0m[35m[0m 
[0m[30;43mWARN[0m[35m[0m 
[0m[30;43mWARN[0m[35m[0m Please consider updating your packages or contacting the maintainers for compatibility details.
[0m[30;43mWARN[0m[35m[0m For more on Storybook 8 compatibility, see the linked GitHub issue:
[0m[30;43mWARN[0m[35m[0m [33mhttps://github.com/storybookjs/storybook/issues/26031[39m
[0m(node:48359) [DEP0040] DeprecationWarning: The `punycode` module is deprecated. Please use a userland alternative instead.
(Use `node --trace-deprecation ...` to show where the warning was created)
(node:48359) ExperimentalWarning: CommonJS module /Users/rohithroshan.r/Documents/GitHub/frontend/node_modules/.pnpm/vite-plugin-storybook-nextjs@1.1.5_@storybook+test@8.6.12_storybook@8.6.12_prettier@3.5_ee4b3991eb57acd9be792b11b1d0ae00/node_modules/vite-plugin-storybook-nextjs/dist/index.cjs is loading ES Module /Users/rohithroshan.r/Documents/GitHub/frontend/node_modules/.pnpm/vite@6.2.6_@types+node@20.17.30_jiti@2.4.2_terser@5.39.0_yaml@2.7.1/node_modules/vite/dist/node/index.js using require().
Support for loading ES Module in require() is an experimental feature and might change at any time
[32minfo[0m[35m[0m => Serving static files from [36m./../../apps/ramper/public[39m at [36m/[39m
[0m[32minfo[0m[35m[0m => Starting manager..
[0m[32minfo[0m[35m[0m => Starting preview..
[0m[32minfo[0m[35m[0m Using tsconfig paths for react-docgen
[0m
[31m✘[39m next.js v14.2.26 is [31mnot yet supported[39m in the Community edition of [33mConsole Ninja[39m.
We are working hard on it for you [36mhttps://tinyurl.com/3h9mtwra[39m.

Estimated release dates:
  - Community users: [36maround 24th May, 2025 [1m(subject to team availability)[22m[39m
[33m  - PRO users[39m:       [1m[32mpriority access is available now[39m[22m

[38;2;241;97;140m╭───────────────────────────────────────────────────────────╮[39m
[38;2;241;97;140m│[39m                                                           [38;2;241;97;140m│[39m
[38;2;241;97;140m│[39m   [38;2;162;224;94mStorybook [1m8.6.12[22m for [1mexperimental-nextjs-vite[22m started[39m   [38;2;241;97;140m│[39m
[38;2;241;97;140m│[39m   [90m[4m332 ms[24m for manager and [4m1.42 s[24m for preview[39m               [38;2;241;97;140m│[39m
[38;2;241;97;140m│[39m                                                           [38;2;241;97;140m│[39m
[38;2;241;97;140m│[39m    Local:            [36mhttp://localhost:6006/[39m               [38;2;241;97;140m│[39m
[38;2;241;97;140m│[39m    On your network:  [36mhttp://192.168.0.103:6006/[39m           [38;2;241;97;140m│[39m
[38;2;241;97;140m│[39m                                                           [38;2;241;97;140m│[39m
[38;2;241;97;140m╰───────────────────────────────────────────────────────────╯[39m












[1;1H[0J[2m7:19:52 PM[22m [36m[1m[vite][22m[39m [90m[2m(client)[22m[39m [32mpage reload [39m[2msrc/components/app-header/index.tsx[22m












[1;1H[0J[2m7:19:59 PM[22m [36m[1m[vite][22m[39m [90m[2m(client)[22m[39m [32mpage reload [39m[2msrc/components/app-bar/app-header.tsx[22m












[1;1H[0J[2m7:19:59 PM[22m [36m[1m[vite][22m[39m [90m[2m(client)[22m[39m [32mhmr update [39m[2m/@id/__x00__virtual:/@storybook/builder-vite/vite-app.js[22m












[1;1H[0J[2m7:20:32 PM[22m [36m[1m[vite][22m[39m [90m[2m(client)[22m[39m [32mhmr update [39m[2m/@id/__x00__virtual:/@storybook/builder-vite/vite-app.js[22m [33m(x2)[39m
[30;43mWARN[0m[35m[0m 🚨 Unable to index ./src/components/app-header/app-header.mdx:
[0m[30;43mWARN[0m[35m[0m   Error: Invariant failed: Could not find or load CSF file at path "./app-sidebar.stories" referenced by `of={}` in docs file "src/components/app-header/app-header.mdx".
[0m[30;43mWARN[0m[35m[0m 
[0m[30;43mWARN[0m[35m[0m - Does that file exist?
[0m[30;43mWARN[0m[35m[0m - If so, is it a CSF file (`.stories.*`)?
[0m[30;43mWARN[0m[35m[0m - If so, is it matched by the `stories` glob in `main.js`?
[0m[30;43mWARN[0m[35m[0m - If so, has the file successfully loaded in Storybook and are its stories visible?
[0m[30;43mWARN[0m[35m[0m     at invariant (/Users/rohithroshan.r/Documents/GitHub/frontend/node_modules/.pnpm/@storybook+core@8.6.12_prettier@3.5.3_storybook@8.6.12_prettier@3.5.3_/node_modules/@storybook/core/dist/core-server/index.cjs:34568:11)
[0m[30;43mWARN[0m[35m[0m     at ki.extractDocs (/Users/rohithroshan.r/Documents/GitHub/frontend/node_modules/.pnpm/@storybook+core@8.6.12_prettier@3.5.3_storybook@8.6.12_prettier@3.5.3_/node_modules/@storybook/core/dist/core-server/index.cjs:34833:13)
[0m[30;43mWARN[0m[35m[0m     at async /Users/rohithroshan.r/Documents/GitHub/frontend/node_modules/.pnpm/@storybook+core@8.6.12_prettier@3.5.3_storybook@8.6.12_prettier@3.5.3_/node_modules/@storybook/core/dist/core-server/index.cjs:34689:24
[0m[30;43mWARN[0m[35m[0m     at async Promise.all (index 11)
[0m[30;43mWARN[0m[35m[0m     at async Promise.all (index 0)
[0m[30;43mWARN[0m[35m[0m     at async ki.updateExtracted (/Users/rohithroshan.r/Documents/GitHub/frontend/node_modules/.pnpm/@storybook+core@8.6.12_prettier@3.5.3_storybook@8.6.12_prettier@3.5.3_/node_modules/@storybook/core/dist/core-server/index.cjs:34677:5)
[0m[30;43mWARN[0m[35m[0m     at async ki.ensureExtracted (/Users/rohithroshan.r/Documents/GitHub/frontend/node_modules/.pnpm/@storybook+core@8.6.12_prettier@3.5.3_storybook@8.6.12_prettier@3.5.3_/node_modules/@storybook/core/dist/core-server/index.cjs:34714:8)
[0m[30;43mWARN[0m[35m[0m     at async ki.getIndexAndStats (/Users/rohithroshan.r/Documents/GitHub/frontend/node_modules/.pnpm/@storybook+core@8.6.12_prettier@3.5.3_storybook@8.6.12_prettier@3.5.3_/node_modules/@storybook/core/dist/core-server/index.cjs:34936:97)
[0m[30;43mWARN[0m[35m[0m     at async ki.getIndex (/Users/rohithroshan.r/Documents/GitHub/frontend/node_modules/.pnpm/@storybook+core@8.6.12_prettier@3.5.3_storybook@8.6.12_prettier@3.5.3_/node_modules/@storybook/core/dist/core-server/index.cjs:34929:13)
[0m[30;43mWARN[0m[35m[0m     at async Array.<anonymous> (/Users/rohithroshan.r/Documents/GitHub/frontend/node_modules/.pnpm/@storybook+core@8.6.12_prettier@3.5.3_storybook@8.6.12_prettier@3.5.3_/node_modules/@storybook/core/dist/core-server/index.cjs:35358:15)
[0m[30;43mWARN[0m[35m[0m 🚨 Unable to index ./src/components/app-header/app-header.mdx:
[0m[30;43mWARN[0m[35m[0m   Error: Unknown identifier AppSidebarStories
[0m[30;43mWARN[0m[35m[0m     at getOf (/Users/rohithroshan.r/Documents/GitHub/frontend/node_modules/.pnpm/@storybook+core@8.6.12_prettier@3.5.3_storybook@8.6.12_prettier@3.5.3_/node_modules/@storybook/core/dist/core-server/index.cjs:23098:17)
[0m[30;43mWARN[0m[35m[0m     at /Users/rohithroshan.r/Documents/GitHub/frontend/node_modules/.pnpm/@storybook+core@8.6.12_prettier@3.5.3_storybook@8.6.12_prettier@3.5.3_/node_modules/@storybook/core/dist/core-server/index.cjs:23145:68
[0m[30;43mWARN[0m[35m[0m     at Array.forEach (<anonymous>)
[0m[30;43mWARN[0m[35m[0m     at extractTitle (/Users/rohithroshan.r/Documents/GitHub/frontend/node_modules/.pnpm/@storybook+core@8.6.12_prettier@3.5.3_storybook@8.6.12_prettier@3.5.3_/node_modules/@storybook/core/dist/core-server/index.cjs:23139:55)
[0m[30;43mWARN[0m[35m[0m     at /Users/rohithroshan.r/Documents/GitHub/frontend/node_modules/.pnpm/@storybook+core@8.6.12_prettier@3.5.3_storybook@8.6.12_prettier@3.5.3_/node_modules/@storybook/core/dist/core-server/index.cjs:23164:90
[0m[30;43mWARN[0m[35m[0m     at i (/Users/rohithroshan.r/Documents/GitHub/frontend/node_modules/.pnpm/@storybook+core@8.6.12_prettier@3.5.3_storybook@8.6.12_prettier@3.5.3_/node_modules/@storybook/core/dist/core-server/index.cjs:16073:13)
[0m[30;43mWARN[0m[35m[0m     at next (/Users/rohithroshan.r/Documents/GitHub/frontend/node_modules/.pnpm/@storybook+core@8.6.12_prettier@3.5.3_storybook@8.6.12_prettier@3.5.3_/node_modules/@storybook/core/dist/core-server/index.cjs:16054:26)
[0m[30;43mWARN[0m[35m[0m     at n (/Users/rohithroshan.r/Documents/GitHub/frontend/node_modules/.pnpm/@storybook+core@8.6.12_prettier@3.5.3_storybook@8.6.12_prettier@3.5.3_/node_modules/@storybook/core/dist/core-server/index.cjs:16086:19)
[0m[30;43mWARN[0m[35m[0m     at u (/Users/rohithroshan.r/Documents/GitHub/frontend/node_modules/.pnpm/@storybook+core@8.6.12_prettier@3.5.3_storybook@8.6.12_prettier@3.5.3_/node_modules/@storybook/core/dist/core-server/index.cjs:16089:5)
[0m[30;43mWARN[0m[35m[0m     at i (/Users/rohithroshan.r/Documents/GitHub/frontend/node_modules/.pnpm/@storybook+core@8.6.12_prettier@3.5.3_storybook@8.6.12_prettier@3.5.3_/node_modules/@storybook/core/dist/core-server/index.cjs:16083:77)
[0m[30;43mWARN[0m[35m[0m     at next (/Users/rohithroshan.r/Documents/GitHub/frontend/node_modules/.pnpm/@storybook+core@8.6.12_prettier@3.5.3_storybook@8.6.12_prettier@3.5.3_/node_modules/@storybook/core/dist/core-server/index.cjs:16054:26)
[0m[30;43mWARN[0m[35m[0m     at n (/Users/rohithroshan.r/Documents/GitHub/frontend/node_modules/.pnpm/@storybook+core@8.6.12_prettier@3.5.3_storybook@8.6.12_prettier@3.5.3_/node_modules/@storybook/core/dist/core-server/index.cjs:16086:19)
[0m[30;43mWARN[0m[35m[0m     at u (/Users/rohithroshan.r/Documents/GitHub/frontend/node_modules/.pnpm/@storybook+core@8.6.12_prettier@3.5.3_storybook@8.6.12_prettier@3.5.3_/node_modules/@storybook/core/dist/core-server/index.cjs:16089:5)
[0m[30;43mWARN[0m[35m[0m     at i (/Users/rohithroshan.r/Documents/GitHub/frontend/node_modules/.pnpm/@storybook+core@8.6.12_prettier@3.5.3_storybook@8.6.12_prettier@3.5.3_/node_modules/@storybook/core/dist/core-server/index.cjs:16083:77)
[0m[30;43mWARN[0m[35m[0m     at next (/Users/rohithroshan.r/Documents/GitHub/frontend/node_modules/.pnpm/@storybook+core@8.6.12_prettier@3.5.3_storybook@8.6.12_prettier@3.5.3_/node_modules/@storybook/core/dist/core-server/index.cjs:16054:26)
[0m[30;43mWARN[0m[35m[0m     at Object.r [as run] (/Users/rohithroshan.r/Documents/GitHub/frontend/node_modules/.pnpm/@storybook+core@8.6.12_prettier@3.5.3_storybook@8.6.12_prettier@3.5.3_/node_modules/@storybook/core/dist/core-server/index.cjs:16045:5)
[0m[30;43mWARN[0m[35m[0m     at n (/Users/rohithroshan.r/Documents/GitHub/frontend/node_modules/.pnpm/@storybook+core@8.6.12_prettier@3.5.3_storybook@8.6.12_prettier@3.5.3_/node_modules/@storybook/core/dist/core-server/index.cjs:22139:11)
[0m[30;43mWARN[0m[35m[0m     at Function.run (/Users/rohithroshan.r/Documents/GitHub/frontend/node_modules/.pnpm/@storybook+core@8.6.12_prettier@3.5.3_storybook@8.6.12_prettier@3.5.3_/node_modules/@storybook/core/dist/core-server/index.cjs:22136:71)
[0m[30;43mWARN[0m[35m[0m     at i (/Users/rohithroshan.r/Documents/GitHub/frontend/node_modules/.pnpm/@storybook+core@8.6.12_prettier@3.5.3_storybook@8.6.12_prettier@3.5.3_/node_modules/@storybook/core/dist/core-server/index.cjs:22034:11)
[0m[30;43mWARN[0m[35m[0m     at new Promise (<anonymous>)
[0m[30;43mWARN[0m[35m[0m     at Function.process (/Users/rohithroshan.r/Documents/GitHub/frontend/node_modules/.pnpm/@storybook+core@8.6.12_prettier@3.5.3_storybook@8.6.12_prettier@3.5.3_/node_modules/@storybook/core/dist/core-server/index.cjs:22026:138)
[0m[30;43mWARN[0m[35m[0m     at compile (/Users/rohithroshan.r/Documents/GitHub/frontend/node_modules/.pnpm/@storybook+core@8.6.12_prettier@3.5.3_storybook@8.6.12_prettier@3.5.3_/node_modules/@storybook/core/dist/core-server/index.cjs:17660:16)
[0m[30;43mWARN[0m[35m[0m     at analyze (/Users/rohithroshan.r/Documents/GitHub/frontend/node_modules/.pnpm/@storybook+core@8.6.12_prettier@3.5.3_storybook@8.6.12_prettier@3.5.3_/node_modules/@storybook/core/dist/core-server/index.cjs:23175:11)
[0m[30;43mWARN[0m[35m[0m     at async ki.extractDocs (/Users/rohithroshan.r/Documents/GitHub/frontend/node_modules/.pnpm/@storybook+core@8.6.12_prettier@3.5.3_storybook@8.6.12_prettier@3.5.3_/node_modules/@storybook/core/dist/core-server/index.cjs:34817:11)
[0m[30;43mWARN[0m[35m[0m     at async /Users/rohithroshan.r/Documents/GitHub/frontend/node_modules/.pnpm/@storybook+core@8.6.12_prettier@3.5.3_storybook@8.6.12_prettier@3.5.3_/node_modules/@storybook/core/dist/core-server/index.cjs:34689:24
[0m[30;43mWARN[0m[35m[0m     at async Promise.all (index 11)
[0m[30;43mWARN[0m[35m[0m     at async Promise.all (index 0)
[0m[30;43mWARN[0m[35m[0m     at async ki.updateExtracted (/Users/rohithroshan.r/Documents/GitHub/frontend/node_modules/.pnpm/@storybook+core@8.6.12_prettier@3.5.3_storybook@8.6.12_prettier@3.5.3_/node_modules/@storybook/core/dist/core-server/index.cjs:34677:5)
[0m[30;43mWARN[0m[35m[0m     at async ki.ensureExtracted (/Users/rohithroshan.r/Documents/GitHub/frontend/node_modules/.pnpm/@storybook+core@8.6.12_prettier@3.5.3_storybook@8.6.12_prettier@3.5.3_/node_modules/@storybook/core/dist/core-server/index.cjs:34714:8)
[0m[30;43mWARN[0m[35m[0m     at async ki.getIndexAndStats (/Users/rohithroshan.r/Documents/GitHub/frontend/node_modules/.pnpm/@storybook+core@8.6.12_prettier@3.5.3_storybook@8.6.12_prettier@3.5.3_/node_modules/@storybook/core/dist/core-server/index.cjs:34936:97)
[0m[30;43mWARN[0m[35m[0m     at async ki.getIndex (/Users/rohithroshan.r/Documents/GitHub/frontend/node_modules/.pnpm/@storybook+core@8.6.12_prettier@3.5.3_storybook@8.6.12_prettier@3.5.3_/node_modules/@storybook/core/dist/core-server/index.cjs:34929:13)
[0m[30;43mWARN[0m[35m[0m     at async Array.<anonymous> (/Users/rohithroshan.r/Documents/GitHub/frontend/node_modules/.pnpm/@storybook+core@8.6.12_prettier@3.5.3_storybook@8.6.12_prettier@3.5.3_/node_modules/@storybook/core/dist/core-server/index.cjs:35358:15)
[0m[30;43mWARN[0m[35m[0m 🚨 Unable to index ./src/components/app-header/app-header.mdx:
[0m[30;43mWARN[0m[35m[0m   Error: Unknown identifier AppSidebarStories
[0m[30;43mWARN[0m[35m[0m     at getOf (/Users/rohithroshan.r/Documents/GitHub/frontend/node_modules/.pnpm/@storybook+core@8.6.12_prettier@3.5.3_storybook@8.6.12_prettier@3.5.3_/node_modules/@storybook/core/dist/core-server/index.cjs:23098:17)
[0m[30;43mWARN[0m[35m[0m     at /Users/rohithroshan.r/Documents/GitHub/frontend/node_modules/.pnpm/@storybook+core@8.6.12_prettier@3.5.3_storybook@8.6.12_prettier@3.5.3_/node_modules/@storybook/core/dist/core-server/index.cjs:23145:68
[0m[30;43mWARN[0m[35m[0m     at Array.forEach (<anonymous>)
[0m[30;43mWARN[0m[35m[0m     at extractTitle (/Users/rohithroshan.r/Documents/GitHub/frontend/node_modules/.pnpm/@storybook+core@8.6.12_prettier@3.5.3_storybook@8.6.12_prettier@3.5.3_/node_modules/@storybook/core/dist/core-server/index.cjs:23139:55)
[0m[30;43mWARN[0m[35m[0m     at /Users/rohithroshan.r/Documents/GitHub/frontend/node_modules/.pnpm/@storybook+core@8.6.12_prettier@3.5.3_storybook@8.6.12_prettier@3.5.3_/node_modules/@storybook/core/dist/core-server/index.cjs:23164:90
[0m[30;43mWARN[0m[35m[0m     at i (/Users/rohithroshan.r/Documents/GitHub/frontend/node_modules/.pnpm/@storybook+core@8.6.12_prettier@3.5.3_storybook@8.6.12_prettier@3.5.3_/node_modules/@storybook/core/dist/core-server/index.cjs:16073:13)
[0m[30;43mWARN[0m[35m[0m     at next (/Users/rohithroshan.r/Documents/GitHub/frontend/node_modules/.pnpm/@storybook+core@8.6.12_prettier@3.5.3_storybook@8.6.12_prettier@3.5.3_/node_modules/@storybook/core/dist/core-server/index.cjs:16054:26)
[0m[30;43mWARN[0m[35m[0m     at n (/Users/rohithroshan.r/Documents/GitHub/frontend/node_modules/.pnpm/@storybook+core@8.6.12_prettier@3.5.3_storybook@8.6.12_prettier@3.5.3_/node_modules/@storybook/core/dist/core-server/index.cjs:16086:19)
[0m[30;43mWARN[0m[35m[0m     at u (/Users/rohithroshan.r/Documents/GitHub/frontend/node_modules/.pnpm/@storybook+core@8.6.12_prettier@3.5.3_storybook@8.6.12_prettier@3.5.3_/node_modules/@storybook/core/dist/core-server/index.cjs:16089:5)
[0m[30;43mWARN[0m[35m[0m     at i (/Users/rohithroshan.r/Documents/GitHub/frontend/node_modules/.pnpm/@storybook+core@8.6.12_prettier@3.5.3_storybook@8.6.12_prettier@3.5.3_/node_modules/@storybook/core/dist/core-server/index.cjs:16083:77)
[0m[30;43mWARN[0m[35m[0m     at next (/Users/rohithroshan.r/Documents/GitHub/frontend/node_modules/.pnpm/@storybook+core@8.6.12_prettier@3.5.3_storybook@8.6.12_prettier@3.5.3_/node_modules/@storybook/core/dist/core-server/index.cjs:16054:26)
[0m[30;43mWARN[0m[35m[0m     at n (/Users/rohithroshan.r/Documents/GitHub/frontend/node_modules/.pnpm/@storybook+core@8.6.12_prettier@3.5.3_storybook@8.6.12_prettier@3.5.3_/node_modules/@storybook/core/dist/core-server/index.cjs:16086:19)
[0m[30;43mWARN[0m[35m[0m     at u (/Users/rohithroshan.r/Documents/GitHub/frontend/node_modules/.pnpm/@storybook+core@8.6.12_prettier@3.5.3_storybook@8.6.12_prettier@3.5.3_/node_modules/@storybook/core/dist/core-server/index.cjs:16089:5)
[0m[30;43mWARN[0m[35m[0m     at i (/Users/rohithroshan.r/Documents/GitHub/frontend/node_modules/.pnpm/@storybook+core@8.6.12_prettier@3.5.3_storybook@8.6.12_prettier@3.5.3_/node_modules/@storybook/core/dist/core-server/index.cjs:16083:77)
[0m[30;43mWARN[0m[35m[0m     at next (/Users/rohithroshan.r/Documents/GitHub/frontend/node_modules/.pnpm/@storybook+core@8.6.12_prettier@3.5.3_storybook@8.6.12_prettier@3.5.3_/node_modules/@storybook/core/dist/core-server/index.cjs:16054:26)
[0m[30;43mWARN[0m[35m[0m     at Object.r [as run] (/Users/rohithroshan.r/Documents/GitHub/frontend/node_modules/.pnpm/@storybook+core@8.6.12_prettier@3.5.3_storybook@8.6.12_prettier@3.5.3_/node_modules/@storybook/core/dist/core-server/index.cjs:16045:5)
[0m[30;43mWARN[0m[35m[0m     at n (/Users/rohithroshan.r/Documents/GitHub/frontend/node_modules/.pnpm/@storybook+core@8.6.12_prettier@3.5.3_storybook@8.6.12_prettier@3.5.3_/node_modules/@storybook/core/dist/core-server/index.cjs:22139:11)
[0m[30;43mWARN[0m[35m[0m     at Function.run (/Users/rohithroshan.r/Documents/GitHub/frontend/node_modules/.pnpm/@storybook+core@8.6.12_prettier@3.5.3_storybook@8.6.12_prettier@3.5.3_/node_modules/@storybook/core/dist/core-server/index.cjs:22136:71)
[0m[30;43mWARN[0m[35m[0m     at i (/Users/rohithroshan.r/Documents/GitHub/frontend/node_modules/.pnpm/@storybook+core@8.6.12_prettier@3.5.3_storybook@8.6.12_prettier@3.5.3_/node_modules/@storybook/core/dist/core-server/index.cjs:22034:11)
[0m[30;43mWARN[0m[35m[0m     at new Promise (<anonymous>)
[0m[30;43mWARN[0m[35m[0m     at Function.process (/Users/rohithroshan.r/Documents/GitHub/frontend/node_modules/.pnpm/@storybook+core@8.6.12_prettier@3.5.3_storybook@8.6.12_prettier@3.5.3_/node_modules/@storybook/core/dist/core-server/index.cjs:22026:138)
[0m[30;43mWARN[0m[35m[0m     at compile (/Users/rohithroshan.r/Documents/GitHub/frontend/node_modules/.pnpm/@storybook+core@8.6.12_prettier@3.5.3_storybook@8.6.12_prettier@3.5.3_/node_modules/@storybook/core/dist/core-server/index.cjs:17660:16)
[0m[30;43mWARN[0m[35m[0m     at analyze (/Users/rohithroshan.r/Documents/GitHub/frontend/node_modules/.pnpm/@storybook+core@8.6.12_prettier@3.5.3_storybook@8.6.12_prettier@3.5.3_/node_modules/@storybook/core/dist/core-server/index.cjs:23175:11)
[0m[30;43mWARN[0m[35m[0m     at async ki.extractDocs (/Users/rohithroshan.r/Documents/GitHub/frontend/node_modules/.pnpm/@storybook+core@8.6.12_prettier@3.5.3_storybook@8.6.12_prettier@3.5.3_/node_modules/@storybook/core/dist/core-server/index.cjs:34817:11)
[0m[30;43mWARN[0m[35m[0m     at async /Users/rohithroshan.r/Documents/GitHub/frontend/node_modules/.pnpm/@storybook+core@8.6.12_prettier@3.5.3_storybook@8.6.12_prettier@3.5.3_/node_modules/@storybook/core/dist/core-server/index.cjs:34689:24
[0m[30;43mWARN[0m[35m[0m     at async Promise.all (index 11)
[0m[30;43mWARN[0m[35m[0m     at async Promise.all (index 0)
[0m[30;43mWARN[0m[35m[0m     at async ki.updateExtracted (/Users/rohithroshan.r/Documents/GitHub/frontend/node_modules/.pnpm/@storybook+core@8.6.12_prettier@3.5.3_storybook@8.6.12_prettier@3.5.3_/node_modules/@storybook/core/dist/core-server/index.cjs:34677:5)
[0m[30;43mWARN[0m[35m[0m     at async ki.ensureExtracted (/Users/rohithroshan.r/Documents/GitHub/frontend/node_modules/.pnpm/@storybook+core@8.6.12_prettier@3.5.3_storybook@8.6.12_prettier@3.5.3_/node_modules/@storybook/core/dist/core-server/index.cjs:34714:8)
[0m[30;43mWARN[0m[35m[0m     at async ki.getIndexAndStats (/Users/rohithroshan.r/Documents/GitHub/frontend/node_modules/.pnpm/@storybook+core@8.6.12_prettier@3.5.3_storybook@8.6.12_prettier@3.5.3_/node_modules/@storybook/core/dist/core-server/index.cjs:34936:97)
[0m[30;43mWARN[0m[35m[0m     at async ki.getIndex (/Users/rohithroshan.r/Documents/GitHub/frontend/node_modules/.pnpm/@storybook+core@8.6.12_prettier@3.5.3_storybook@8.6.12_prettier@3.5.3_/node_modules/@storybook/core/dist/core-server/index.cjs:34929:13)
[0m[30;43mWARN[0m[35m[0m     at async Array.<anonymous> (/Users/rohithroshan.r/Documents/GitHub/frontend/node_modules/.pnpm/@storybook+core@8.6.12_prettier@3.5.3_storybook@8.6.12_prettier@3.5.3_/node_modules/@storybook/core/dist/core-server/index.cjs:35358:15)
[0m











[1;1H[0J[2m7:26:23 PM[22m [36m[1m[vite][22m[39m [90m[2m(client)[22m[39m [32mhmr update [39m[2m/@id/__x00__virtual:/@storybook/builder-vite/vite-app.js[22m [33m(x3)[39m












[1;1H[0J[2m7:26:50 PM[22m [36m[1m[vite][22m[39m [90m[2m(client)[22m[39m [32mhmr update [39m[2m/@id/__x00__virtual:/@storybook/builder-vite/vite-app.js[22m [33m(x4)[39m












[1;1H[0J[2m7:28:03 PM[22m [36m[1m[vite][22m[39m [90m[2m(client)[22m[39m [32mhmr update [39m[2m/@id/__x00__virtual:/@storybook/builder-vite/vite-app.js[22m [33m(x5)[39m












[1;1H[0J[2m7:28:09 PM[22m [36m[1m[vite][22m[39m [90m[2m(client)[22m[39m [32mhmr update [39m[2m/@id/__x00__virtual:/@storybook/builder-vite/vite-app.js[22m [33m(x6)[39m












[1;1H[0J[2m7:28:21 PM[22m [36m[1m[vite][22m[39m [90m[2m(client)[22m[39m [32mhmr update [39m[2m/@id/__x00__virtual:/@storybook/builder-vite/vite-app.js[22m [33m(x7)[39m












[1;1H[0J[2m7:28:23 PM[22m [36m[1m[vite][22m[39m [90m[2m(client)[22m[39m [32mhmr update [39m[2m/@id/__x00__virtual:/@storybook/builder-vite/vite-app.js[22m [33m(x8)[39m












[1;1H[0J[2m7:30:04 PM[22m [36m[1m[vite][22m[39m [90m[2m(client)[22m[39m [32mhmr update [39m[2m/@id/__x00__virtual:/@storybook/builder-vite/vite-app.js, /src/styles.css[22m












[1;1H[0J[2m7:30:39 PM[22m [36m[1m[vite][22m[39m [90m[2m(client)[22m[39m [32mhmr update [39m[2m/@id/__x00__virtual:/@storybook/builder-vite/vite-app.js, /src/styles.css[22m [33m(x2)[39m












[1;1H[0J[2m7:30:43 PM[22m [36m[1m[vite][22m[39m [90m[2m(client)[22m[39m [32mhmr update [39m[2m/@id/__x00__virtual:/@storybook/builder-vite/vite-app.js, /src/styles.css[22m [33m(x3)[39m












[1;1H[0J[2m7:30:44 PM[22m [36m[1m[vite][22m[39m [90m[2m(client)[22m[39m [32mhmr update [39m[2m/@id/__x00__virtual:/@storybook/builder-vite/vite-app.js, /src/styles.css[22m [33m(x4)[39m












[1;1H[0J[2m10:15:58 AM[22m [36m[1m[vite][22m[39m [90m[2m(client)[22m[39m [32mhmr update [39m[2m/@id/__x00__virtual:/@storybook/builder-vite/vite-app.js, /src/styles.css[22m [33m(x5)[39m












[1;1H[0J[2m10:15:58 AM[22m [36m[1m[vite][22m[39m [90m[2m(client)[22m[39m [32mhmr update [39m[2m/@id/__x00__virtual:/@storybook/builder-vite/vite-app.js, /src/styles.css[22m [33m(x6)[39m












[1;1H[0J[2m10:15:58 AM[22m [36m[1m[vite][22m[39m [90m[2m(client)[22m[39m [32mhmr update [39m[2m/@id/__x00__virtual:/@storybook/builder-vite/vite-app.js, /src/styles.css[22m [33m(x7)[39m
